
> react-example@0.0.0 lint
> tsc --noEmit

src/App.tsx(280,16): error TS2304: Cannot find name 'X'.
src/App.tsx(309,16): error TS2304: Cannot find name 'LayoutGrid'.
src/App.tsx(342,16): error TS2304: Cannot find name 'LayoutGrid'.
src/App.tsx(357,14): error TS2304: Cannot find name 'AudioMixerRecorder'.
src/App.tsx(439,20): error TS2304: Cannot find name 'X'.
src/App.tsx(489,20): error TS2304: Cannot find name 'X'.
src/App.tsx(563,20): error TS2304: Cannot find name 'X'.
src/components/NoteCard.tsx(15,19): error TS2552: Cannot find name 'useRef'. Did you mean 'User'?
src/components/NoteCard.tsx(63,35): error TS2304: Cannot find name 'parseISO'.
src/components/TaskItem.tsx(15,19): error TS2552: Cannot find name 'useRef'. Did you mean 'User'?
src/components/TaskItem.tsx(16,37): error TS2304: Cannot find name 'isBefore'.
src/components/TaskItem.tsx(43,84): error TS2304: Cannot find name 'Circle'.
src/components/TaskItem.tsx(89,20): error TS2304: Cannot find name 'Settings'.
src/hooks/useGlobalReminders.ts(4,20): error TS2307: Cannot find module '../../lib/firebase' or its corresponding type declarations.
src/hooks/useGlobalReminders.ts(5,22): error TS2307: Cannot find module '../../types' or its corresponding type declarations.
src/views/ProjectCanvas.tsx(21,19): error TS2304: Cannot find name 'useMemo'.
src/views/ProjectCanvas.tsx(21,33): error TS2304: Cannot find name 'QUILL_MODULES'.
src/views/ProjectCanvas.tsx(69,20): error TS2304: Cannot find name 'serverTimestamp'.
src/views/ProjectCanvas.tsx(70,20): error TS2304: Cannot find name 'serverTimestamp'.
src/views/ProjectCanvas.tsx(84,20): error TS2304: Cannot find name 'serverTimestamp'.
src/views/ProjectCanvas.tsx(198,16): error TS2304: Cannot find name 'BookOpen'.
src/views/ProjectCanvas.tsx(246,18): error TS2304: Cannot find name 'Save'.
src/views/ProjectCanvas.tsx(251,16): error TS2304: Cannot find name 'ReactQuill'.
src/views/ProjectView.tsx(22,10): error TS2459: Module '"../components/NoteCard"' declares 'NoteCard' locally, but it is not exported.
src/views/ProjectView.tsx(23,10): error TS2459: Module '"../components/TaskItem"' declares 'TaskItem' locally, but it is not exported.
src/views/ProjectView.tsx(24,10): error TS2459: Module '"./ProjectCanvas"' declares 'ProjectCanvas' locally, but it is not exported.
src/views/ProjectView.tsx(506,36): error TS2322: Type '{ children: (provided: DraggableProvided) => any; key: any; draggableId: any; index: any; }' is not assignable to type 'DraggableProps'.
  Property 'key' does not exist on type 'DraggableProps'.
src/views/ProjectView.tsx(554,36): error TS2322: Type '{ children: (provided: DraggableProvided) => any; key: any; draggableId: any; index: any; }' is not assignable to type 'DraggableProps'.
  Property 'key' does not exist on type 'DraggableProps'.
